---
source: tui/src/bottom_pane/chat_composer.rs
expression: terminal.backend()
---
"                                                            "
"› /bt                                                       "
"                                                            "
"                                                            "
"  /btw  在临时分支中开始旁路对话                            "
