---
source: tui/src/bottom_pane/chat_composer.rs
expression: terminal.backend()
---
"                                                            "
"› /ar                                                       "
"                                                            "
"                                                            "
"  /archive  归档当前会话并退出                              "
