---
source: tui/src/bottom_pane/chat_composer.rs
expression: terminal.backend()
---
"                                                                                                    "
"› $sa                                                                                               "
"                                                                                                    "
"                                                                                                    "
"                                                                                                    "
"                                                                                                    "
"  Sample Plugin  [插件] Plugin that includes the Figma MCP server and Skills for common workflows   "
"                                                                                                    "
"  按 enter 插入，或按 esc 关闭                                                                      "
