---
source: tui/src/bottom_pane/chat_composer.rs
expression: terminal.backend()
---
"                                                                                                    "
"› @left  @bound                                                                                     "
"                                                                                                    "
"> left  Plugin used to test bound mention fallback.                                           插件  "
"                                                                                                    "
"                                                                                                    "
"                                                                                                    "
"                                                                                                    "
"  enter 插入 · esc 关闭 · ←/→ 切换搜索模式                    [全部结果]   仅文件系统    插件与技能 "
