---
source: tui/src/bottom_pane/command_popup.rs
expression: commands
---
/model - 选择模型和推理强度
/ide - 添加 IDE 当前选区、打开的文件及其他上下文
/permissions - 选择允许 Codex 执行的操作
/keymap - 重新映射 TUI 快捷键
/vim - 开关输入框的 Vim 模式
/experimental - 开关实验性功能
/approve - 批准重试最近一次被自动审查拒绝的操作
/memories - 配置记忆的使用和生成
/skills - 使用技能增强 Codex 执行特定任务的能力
/import - 从 Claude Code 导入设置、当前项目和最近聊天
/hooks - 查看和管理生命周期钩子
/review - 审查当前更改并查找问题
/rename - 重命名当前会话
/new - 在当前对话中开始新聊天
/archive - 归档当前会话并退出
/delete - 永久删除当前会话并退出
/resume - 恢复已保存的聊天
/fork - 从当前聊天创建分支
/app - 在 Codex 桌面端继续此会话
/init - 创建包含 Codex 指令的 AGENTS.md 文件
/compact - 总结对话，避免达到上下文上限
/agent - 切换当前代理线程
/side - 在临时分支中开始旁路对话
/copy - 以 Markdown 格式复制上一条回复
/raw - 切换原始回滚模式，便于在终端中选择并复制
/diff - 显示 Git 差异（包括未跟踪文件）
/mention - 引用文件
/status - 显示当前会话配置和令牌用量
/title - 配置终端标题中显示的项目
/statusline - 配置状态栏中显示的项目
/theme - 选择语法高亮主题
/pets - 选择或隐藏终端宠物
/mcp - 列出已配置的 MCP 工具；使用 /mcp verbose 查看详情
/logout - 退出 Codex 登录
/exit - 退出 Codex
/feedback - 向维护者发送日志
/rollout - 输出 rollout 文件路径
/ps - 列出后台终端
/stop - 停止所有后台终端
/clear - 清空终端并开始新聊天
/test-approval - 测试审批请求
/subagents - 切换当前代理线程
