---
source: tui/src/bottom_pane/chat_composer.rs
expression: terminal.backend()
---
"                                                                                                    "
"› $unbound-skill  $bound-skill continue                                                             "
"                                                                                                    "
"                                                                                                    "
"                                                                                                    "
"                                                                                                    "
"  unbound-skill  [技能] Example skill used in tests.                                                "
"                                                                                                    "
"  按 enter 插入，或按 esc 关闭                                                                      "
